[lavachebobette.ch/index.html]
[backblue.gif]
[fade.gif]
[index.html]
[lavachebobette.ch/articles.html]
[lavachebobette.ch/article/16.html]
[lavachebobette.ch/article/15.html]
[lavachebobette.ch/article/14.html]
[lavachebobette.ch/article/3.html]
[lavachebobette.ch/article/2.html]
[lavachebobette.ch/article/7.html]
[lavachebobette.ch/article/1.html]
[lavachebobette.ch/article/0.html]
[lavachebobette.ch/index.html]
[lavachebobette.ch/article/13.html]
[lavachebobette.ch/article/12.html]
[lavachebobette.ch/article/11.html]
[lavachebobette.ch/article/10.html]
[lavachebobette.ch/article/9.html]
[lavachebobette.ch/article/8.html]
[lavachebobette.ch/article/6.html]
[lavachebobette.ch/article/5.html]
[lavachebobette.ch/article/4.html]
[lavachebobette.ch/articles.html]
[lavachebobette.ch/article/16.html]
[lavachebobette.ch/article/15.html]
[lavachebobette.ch/article/14.html]
[lavachebobette.ch/article/3.html]
[lavachebobette.ch/article/2.html]
[lavachebobette.ch/article/7.html]
[lavachebobette.ch/article/1.html]
[lavachebobette.ch/article/0.html]
[lavachebobette.ch/archives.html]
[lavachebobette.ch/article/13.html]
[lavachebobette.ch/article/12.html]
[lavachebobette.ch/article/11.html]
[lavachebobette.ch/article/10.html]
[lavachebobette.ch/article/9.html]
[lavachebobette.ch/article/8.html]
[lavachebobette.ch/article/6.html]
[lavachebobette.ch/article/5.html]
[lavachebobette.ch/article/4.html]
